Microchip MPLAB XC8 Compiler V2.05 ()

Linker command line:

-W-3 --edf=C:\Program Files (x86)\Microchip\xc8\v2.05\pic\dat\en_msgs.txt \
  -cs -h+dist/default/production\nokia_5110.X.production.sym \
  --cmf=dist/default/production\nokia_5110.X.production.cmf -z -Q18F4550 \
  -oC:\Users\usuario\AppData\Local\Temp\sdf4.2 --defsym=__MPLAB_BUILD=1 \
  -Mdist/default/production/nokia_5110.X.production.map -E1 -ver=XC8 \
  --acfsm=1493 -ASTACK=060h-061Fh -pstack=STACK -ACODE=00h-07FFFh \
  -ACONST=00h-07FFFh -ASMALLCONST=0800h-08FFhx120 \
  -AMEDIUMCONST=0800h-07FFFh -ACOMRAM=01h-05Fh -AABS1=00h-07FFh \
  -ABIGRAM=01h-07FFh -ARAM=060h-0FFh,0100h-01FFhx7 -ABANK0=060h-0FFh \
  -ABANK1=0100h-01FFh -ABANK2=0200h-02FFh -ABANK3=0300h-03FFh \
  -ABANK4=0400h-04FFh -ABANK5=0500h-05FFh -ABANK6=0600h-06FFh \
  -ABANK7=0700h-07FFh -ASFR=0F60h-0FFFh \
  -preset_vec=00h,intcode,intcodelo,powerup,init -pramtop=0800h \
  -psmallconst=SMALLCONST -pmediumconst=MEDIUMCONST -pconst=CONST \
  -AFARRAM=00h-00h -ACONFIG=0300000h-030000Dh -pconfig=CONFIG \
  -AIDLOC=0200000h-0200007h -pidloc=IDLOC -AEEDATA=0F00000h-0F000FFh \
  -peeprom_data=EEDATA \
  -prdata=COMRAM,nvrram=COMRAM,nvbit=COMRAM,rbss=COMRAM,rbit=COMRAM \
  -pfarbss=FARRAM,fardata=FARRAM,nvFARRAM=FARRAM \
  -pintsave_regs=BIGRAM,bigbss=BIGRAM,bigdata=BIGRAM -pbss=RAM \
  -pidata=CODE,irdata=CODE,ibigdata=CODE,ifardata=CODE -prparam=COMRAM \
  C:\Users\usuario\AppData\Local\Temp\sdf4.o \
  dist/default/production\nokia_5110.X.production.o 

Object code version is 3.11

Machine type is 18F4550

Call graph: (short form)




                Name                               Link     Load   Length Selector   Space Scale
C:\Users\usuario\AppData\Local\Temp\sdf4.o
                init                                  0        0        4        0       0
                idloc                            200000   200000        8   200000       0
                config                           300000   300000        E   300000       0
dist/default/production\nokia_5110.X.production.o
                smallconst                          800      800       54      400       0
                text8                               AD4      AD4       58      854       0
                text7                               C16      C16       26      854       0
                text6                               C50      C50       10      854       0
                text5                               B78      B78       42      854       0
                text4                               C3C      C3C       14      854       0
                text3                               B2C      B2C       4C      854       0
                text2                               BEC      BEC       2A      854       0
                text1                               C60      C60        A      854       0
                text0                               A34      A34       A0      854       0
                cstackCOMRAM                          1        1       10        1       1
                dataBIGRAM                          620      620      1E0      620       1
                cinit                               BBA      BBA       32      854       0
                idataBIGRAM                         854      854      1E0      854       0

TOTAL           Name                               Link     Load   Length     Space
        CLASS   STACK          

        CLASS   CODE           
                init                                  0        0        4         0
                text8                               AD4      AD4       58         0
                text7                               C16      C16       26         0
                text6                               C50      C50       10         0
                text5                               B78      B78       42         0
                text4                               C3C      C3C       14         0
                text3                               B2C      B2C       4C         0
                text2                               BEC      BEC       2A         0
                text1                               C60      C60        A         0
                text0                               A34      A34       A0         0
                cinit                               BBA      BBA       32         0
                idataBIGRAM                         854      854      1E0         0

        CLASS   CONST          

        CLASS   SMALLCONST     
                smallconst                          800      800       54         0

        CLASS   MEDIUMCONST    

        CLASS   COMRAM         
                cstackCOMRAM                          1        1       10         1

        CLASS   ABS1           

        CLASS   BIGRAM         
                dataBIGRAM                          620      620      1E0         1

        CLASS   RAM            

        CLASS   BANK0          

        CLASS   BANK1          

        CLASS   BANK2          

        CLASS   BANK3          

        CLASS   BANK4          

        CLASS   BANK5          

        CLASS   BANK6          

        CLASS   BANK7          

        CLASS   SFR            

        CLASS   FARRAM         

        CLASS   CONFIG         
                config                           300000   300000        E         0

        CLASS   IDLOC          
                idloc                            200000   200000        8         0

        CLASS   EEDATA         



SEGMENTS        Name                           Load    Length   Top    Selector   Space  Class

                reset_vec                      000000  000004  000004         0       0  CODE    
                cstackCOMRAM                   000001  000010  000011         1       1  COMRAM  
                dataBIGRAM                     000620  0001E0  000800       620       1  BIGRAM  
                smallconst                     000800  000054  000854       400       0  SMALLCON
                idataBIGRAM                    000854  000416  000C6A       854       0  CODE    
                idloc                          200000  000008  200008    200000       0  IDLOC   
                config                         300000  00000E  30000E    300000       0  CONFIG  


UNUSED ADDRESS RANGES

        Name                Unused          Largest block    Delta
        BANK0            000060-0000FF               A0
        BANK1            000100-0001FF              100
        BANK2            000200-0002FF              100
        BANK3            000300-0003FF              100
        BANK4            000400-0004FF              100
        BANK5            000500-0005FF              100
        BANK6            000600-00061F               20
        BIGRAM           000011-00061F              60F
        CODE             000004-0007FF              7FC
                         000C6A-007FFF             7396
        COMRAM           000011-00005F               4F
        CONST            000004-0007FF              7FC
                         000C6A-007FFF             7396
        EEDATA           F00000-F000FF              100
        MEDIUMCONST      000C6A-007FFF             7396
        RAM              000060-00061F              100
        SFR              000F60-000FFF               A0
        SMALLCONST       000C6A-007FFF              100
        STACK            000060-00061F              5C0

                                  Symbol Table

Nokia_Clear@i               cstackCOMRAM 000007
Nokia_Clear@j               cstackCOMRAM 000008
Nokia_PositionXY@X          cstackCOMRAM 000009
Nokia_PositionXY@Y          cstackCOMRAM 000008
Nokia_SendCommand@cmd       cstackCOMRAM 000007
Nokia_SendData@dat          cstackCOMRAM 00000B
Nokia_SendData@i            cstackCOMRAM 00000C
Nokia_SendString@data       cstackCOMRAM 00000D
_LATDbits                   (abs)        000F8C
_Nokia_Clear                text7        000C16
_Nokia_Init                 text5        000B78
_Nokia_PositionXY           text4        000C3C
_Nokia_SendCommand          text6        000C50
_Nokia_SendData             text3        000B2C
_Nokia_SendString           text2        000BEC
_OSCCON                     (abs)        000FD3
_PORTDbits                  (abs)        000F83
_TRISD                      (abs)        000F95
_TRISDbits                  (abs)        000F95
__CFG_BOR$OFF               (abs)        000000
__CFG_BORV$3                (abs)        000000
__CFG_CCP2MX$OFF            (abs)        000000
__CFG_FOSC$INTOSCIO_EC      (abs)        000000
__CFG_LVP$OFF               (abs)        000000
__CFG_MCLRE$ON              (abs)        000000
__CFG_PBADEN$OFF            (abs)        000000
__CFG_PWRT$ON               (abs)        000000
__CFG_WDT$OFF               (abs)        000000
__HRAM                      (abs)        000000
__Habs1                     abs1         000000
__Hbank0                    bank0        000000
__Hbank1                    bank1        000000
__Hbank2                    bank2        000000
__Hbank3                    bank3        000000
__Hbank4                    bank4        000000
__Hbank5                    bank5        000000
__Hbank6                    bank6        000000
__Hbank7                    bank7        000000
__Hbigbss                   bigbss       000000
__Hbigdata                  bigdata      000000
__Hbigram                   bigram       000000
__Hbss                      bss          000000
__Hcinit                    cinit        000000
__Hclrtext                  clrtext      000000
__Hcomram                   comram       000000
__Hconfig                   config       30000E
__Hconst                    const        000000
__HcstackCOMRAM             cstackCOMRAM 000000
__Hdata                     data         000000
__HdataBIGRAM               dataBIGRAM   000000
__Heeprom_data              eeprom_data  000000
__Hfarbss                   farbss       000000
__Hfardata                  fardata      000000
__Hibigdata                 ibigdata     000000
__Hidata                    idata        000000
__HidataBIGRAM              idataBIGRAM  000000
__Hidloc                    idloc        200008
__Hifardata                 ifardata     000000
__Hinit                     init         000004
__Hintcode                  intcode      000000
__Hintcode_body             intcode_body 000000
__Hintcodelo                intcodelo    000000
__Hintentry                 intentry     000000
__Hintret                   intret       000000
__Hintsave_regs             intsave_regs 000000
__Hirdata                   irdata       000000
__Hmediumconst              mediumconst  000000
__HnvFARRAM                 nvFARRAM     000000
__Hnvbit                    nvbit        000000
__Hnvrram                   nvrram       000000
__Hparam                    rparam       000000
__Hpowerup                  powerup      000000
__Hram                      ram          000000
__Hramtop                   ramtop       000800
__Hrbit                     rbit         000000
__Hrbss                     rbss         000000
__Hrdata                    rdata        000000
__Hreset_vec                reset_vec    000000
__Hrparam                   rparam       000000
__Hsfr                      sfr          000000
__Hsmallconst               smallconst   000854
__Hspace_0                  (abs)        30000E
__Hspace_1                  (abs)        000800
__Hspace_2                  (abs)        000000
__Hstack                    stack        000000
__Hstruct                   struct       000000
__Htemp                     temp         000000
__Htext                     text         000000
__Htext0                    text0        000000
__Htext1                    text1        000000
__Htext2                    text2        000000
__Htext3                    text3        000000
__Htext4                    text4        000000
__Htext5                    text5        000000
__Htext6                    text6        000000
__Htext7                    text7        000000
__Htext8                    text8        000000
__LRAM                      (abs)        000001
__Labs1                     abs1         000000
__Lbank0                    bank0        000000
__Lbank1                    bank1        000000
__Lbank2                    bank2        000000
__Lbank3                    bank3        000000
__Lbank4                    bank4        000000
__Lbank5                    bank5        000000
__Lbank6                    bank6        000000
__Lbank7                    bank7        000000
__Lbigbss                   bigbss       000000
__Lbigdata                  bigdata      000000
__Lbigram                   bigram       000000
__Lbss                      bss          000000
__Lcinit                    cinit        000000
__Lclrtext                  clrtext      000000
__Lcomram                   comram       000000
__Lconfig                   config       300000
__Lconst                    const        000000
__LcstackCOMRAM             cstackCOMRAM 000000
__Ldata                     data         000000
__LdataBIGRAM               dataBIGRAM   000000
__Leeprom_data              eeprom_data  000000
__Lfarbss                   farbss       000000
__Lfardata                  fardata      000000
__Libigdata                 ibigdata     000000
__Lidata                    idata        000000
__LidataBIGRAM              idataBIGRAM  000000
__Lidloc                    idloc        200000
__Lifardata                 ifardata     000000
__Linit                     init         000000
__Lintcode                  intcode      000000
__Lintcode_body             intcode_body 000000
__Lintcodelo                intcodelo    000000
__Lintentry                 intentry     000000
__Lintret                   intret       000000
__Lintsave_regs             intsave_regs 000000
__Lirdata                   irdata       000000
__Lmediumconst              mediumconst  000000
__LnvFARRAM                 nvFARRAM     000000
__Lnvbit                    nvbit        000000
__Lnvrram                   nvrram       000000
__Lparam                    rparam       000000
__Lpowerup                  powerup      000000
__Lram                      ram          000000
__Lramtop                   ramtop       000800
__Lrbit                     rbit         000000
__Lrbss                     rbss         000000
__Lrdata                    rdata        000000
__Lreset_vec                reset_vec    000000
__Lrparam                   rparam       000000
__Lsfr                      sfr          000000
__Lsmallconst               smallconst   000800
__Lspace_0                  (abs)        000000
__Lspace_1                  (abs)        000000
__Lspace_2                  (abs)        000000
__Lstack                    stack        000000
__Lstruct                   struct       000000
__Ltemp                     temp         000000
__Ltext                     text         000000
__Ltext0                    text0        000000
__Ltext1                    text1        000000
__Ltext2                    text2        000000
__Ltext3                    text3        000000
__Ltext4                    text4        000000
__Ltext5                    text5        000000
__Ltext6                    text6        000000
__Ltext7                    text7        000000
__Ltext8                    text8        000000
__S0                        (abs)        30000E
__S1                        (abs)        000800
__S2                        (abs)        000000
___inthi_sp                 stack        000000
___intlo_sp                 stack        000000
___param_bank               (abs)        000000
___rparam_used              (abs)        000001
___sp                       stack        000000
__accesstop                 (abs)        000060
__activetblptr              (abs)        000001
__end_of_Nokia_Clear        text7        000C3C
__end_of_Nokia_Init         text5        000BBA
__end_of_Nokia_PositionXY   text4        000C50
__end_of_Nokia_SendCommand  text6        000C60
__end_of_Nokia_SendData     text3        000B78
__end_of_Nokia_SendString   text2        000C16
__end_of__initialization    cinit        000BDE
__end_of_main               text0        000AD4
__end_of_spi_init_master    text1        000C6A
__end_of_spi_write          text8        000B2C
__initialization            cinit        000BBA
__mediumconst               mediumconst  000000
__pcinit                    cinit        000BBA
__pcstackCOMRAM             cstackCOMRAM 000001
__pdataBIGRAM               dataBIGRAM   000620
__pidataBIGRAM              idataBIGRAM  000854
__psmallconst               smallconst   000800
__ptext0                    text0        000A34
__ptext1                    text1        000C60
__ptext2                    text2        000BEC
__ptext3                    text3        000B2C
__ptext4                    text4        000C3C
__ptext5                    text5        000B78
__ptext6                    text6        000C50
__ptext7                    text7        000C16
__ptext8                    text8        000AD4
__ramtop                    ramtop       000800
__size_of_Nokia_Clear       (abs)        000000
__size_of_Nokia_Init        (abs)        000000
__size_of_Nokia_PositionXY  (abs)        000000
__size_of_Nokia_SendCommand (abs)        000000
__size_of_Nokia_SendData    (abs)        000000
__size_of_Nokia_SendString  (abs)        000000
__size_of_main              (abs)        000000
__size_of_spi_init_master   (abs)        000000
__size_of_spi_write         (abs)        000000
__smallconst                smallconst   000800
_font                       dataBIGRAM   000620
_main                       text0        000A34
_spi_init_master            text1        000C60
_spi_write                  text8        000AD4
end_of_initialization       cinit        000BDE
intlevel0                   text         000000
intlevel1                   text         000000
intlevel2                   text         000000
intlevel3                   text         000000
spi_write@data              cstackCOMRAM 000004
spi_write@i                 cstackCOMRAM 000005
stackhi                     (abs)        00061F
stacklo                     (abs)        000060
start                       init         000000
start_initialization        cinit        000BBA


FUNCTION INFORMATION:

 *************** function _main *****************
 Defined at:
		line 18 in file "nokia_5110.c"
 Parameters:    Size  Location     Type
		None
 Auto vars:     Size  Location     Type
		None
 Return value:  Size  Location     Type
                  1    wreg      void 
 Registers used:
		wreg, fsr2l, fsr2h, status,2, status,0, tblptrl, tblptrh, tblptru, prodl, prodh, cstack
 Tracked objects:
		On entry : 
		On exit  : 
		Unchanged: 
 Data sizes:     COMRAM   BANK0   BANK1   BANK2   BANK3   BANK4   BANK5   BANK6   BANK7
      Params:         0       0       0       0       0       0       0       0       0
      Locals:         0       0       0       0       0       0       0       0       0
      Temps:          2       0       0       0       0       0       0       0       0
      Totals:         2       0       0       0       0       0       0       0       0
Total ram usage:        2 bytes
 Hardware stack levels required when called:    3
 This function calls:
		_Nokia_Clear
		_Nokia_Init
		_Nokia_PositionXY
		_Nokia_SendString
		_spi_init_master
 This function is called by:
		Startup code after reset
 This function uses a non-reentrant model


 *************** function _spi_init_master *****************
 Defined at:
		line 7 in file "spi_sof.c"
 Parameters:    Size  Location     Type
		None
 Auto vars:     Size  Location     Type
		None
 Return value:  Size  Location     Type
                  1    wreg      void 
 Registers used:
		None
 Tracked objects:
		On entry : 
		On exit  : 
		Unchanged: 
 Data sizes:     COMRAM   BANK0   BANK1   BANK2   BANK3   BANK4   BANK5   BANK6   BANK7
      Params:         0       0       0       0       0       0       0       0       0
      Locals:         0       0       0       0       0       0       0       0       0
      Temps:          0       0       0       0       0       0       0       0       0
      Totals:         0       0       0       0       0       0       0       0       0
Total ram usage:        0 bytes
 Hardware stack levels used:    1
 This function calls:
		Nothing
 This function is called by:
		_main
 This function uses a non-reentrant model


 *************** function _Nokia_SendString *****************
 Defined at:
		line 25 in file "lib_nokia.c"
 Parameters:    Size  Location     Type
  data            2   12[COMRAM] PTR unsigned char 
		 -> STR_5(17), STR_4(11), STR_3(17), STR_2(18), 
		 -> STR_1(19), 
 Auto vars:     Size  Location     Type
  i               1    0        unsigned char 
 Return value:  Size  Location     Type
                  1    wreg      void 
 Registers used:
		wreg, fsr2l, fsr2h, status,2, status,0, tblptrl, tblptrh, tblptru, prodl, prodh, cstack
 Tracked objects:
		On entry : 
		On exit  : 
		Unchanged: 
 Data sizes:     COMRAM   BANK0   BANK1   BANK2   BANK3   BANK4   BANK5   BANK6   BANK7
      Params:         2       0       0       0       0       0       0       0       0
      Locals:         0       0       0       0       0       0       0       0       0
      Temps:          0       0       0       0       0       0       0       0       0
      Totals:         2       0       0       0       0       0       0       0       0
Total ram usage:        2 bytes
 Hardware stack levels used:    1
 Hardware stack levels required when called:    2
 This function calls:
		_Nokia_SendData
 This function is called by:
		_main
 This function uses a non-reentrant model


 *************** function _Nokia_SendData *****************
 Defined at:
		line 14 in file "lib_nokia.c"
 Parameters:    Size  Location     Type
  dat             1    wreg     unsigned char 
 Auto vars:     Size  Location     Type
  dat             1   10[COMRAM] unsigned char 
  i               1   11[COMRAM] unsigned char 
 Return value:  Size  Location     Type
                  1    wreg      void 
 Registers used:
		wreg, fsr2l, fsr2h, status,2, status,0, prodl, prodh, cstack
 Tracked objects:
		On entry : 
		On exit  : 
		Unchanged: 
 Data sizes:     COMRAM   BANK0   BANK1   BANK2   BANK3   BANK4   BANK5   BANK6   BANK7
      Params:         0       0       0       0       0       0       0       0       0
      Locals:         2       0       0       0       0       0       0       0       0
      Temps:          4       0       0       0       0       0       0       0       0
      Totals:         6       0       0       0       0       0       0       0       0
Total ram usage:        6 bytes
 Hardware stack levels used:    1
 Hardware stack levels required when called:    1
 This function calls:
		_spi_write
 This function is called by:
		_Nokia_SendString
 This function uses a non-reentrant model


 *************** function _Nokia_PositionXY *****************
 Defined at:
		line 35 in file "lib_nokia.c"
 Parameters:    Size  Location     Type
  X               1    wreg     unsigned char 
  Y               1    7[COMRAM] unsigned char 
 Auto vars:     Size  Location     Type
  X               1    8[COMRAM] unsigned char 
 Return value:  Size  Location     Type
                  1    wreg      void 
 Registers used:
		wreg, status,2, status,0, cstack
 Tracked objects:
		On entry : 
		On exit  : 
		Unchanged: 
 Data sizes:     COMRAM   BANK0   BANK1   BANK2   BANK3   BANK4   BANK5   BANK6   BANK7
      Params:         1       0       0       0       0       0       0       0       0
      Locals:         1       0       0       0       0       0       0       0       0
      Temps:          0       0       0       0       0       0       0       0       0
      Totals:         2       0       0       0       0       0       0       0       0
Total ram usage:        2 bytes
 Hardware stack levels used:    1
 Hardware stack levels required when called:    2
 This function calls:
		_Nokia_SendCommand
 This function is called by:
		_main
 This function uses a non-reentrant model


 *************** function _Nokia_Init *****************
 Defined at:
		line 41 in file "lib_nokia.c"
 Parameters:    Size  Location     Type
		None
 Auto vars:     Size  Location     Type
		None
 Return value:  Size  Location     Type
                  1    wreg      void 
 Registers used:
		wreg, status,2, status,0, cstack
 Tracked objects:
		On entry : 
		On exit  : 
		Unchanged: 
 Data sizes:     COMRAM   BANK0   BANK1   BANK2   BANK3   BANK4   BANK5   BANK6   BANK7
      Params:         0       0       0       0       0       0       0       0       0
      Locals:         0       0       0       0       0       0       0       0       0
      Temps:          2       0       0       0       0       0       0       0       0
      Totals:         2       0       0       0       0       0       0       0       0
Total ram usage:        2 bytes
 Hardware stack levels used:    1
 Hardware stack levels required when called:    2
 This function calls:
		_Nokia_SendCommand
 This function is called by:
		_main
 This function uses a non-reentrant model


 *************** function _Nokia_SendCommand *****************
 Defined at:
		line 7 in file "lib_nokia.c"
 Parameters:    Size  Location     Type
  cmd             1    wreg     unsigned char 
 Auto vars:     Size  Location     Type
  cmd             1    6[COMRAM] unsigned char 
 Return value:  Size  Location     Type
                  1    wreg      void 
 Registers used:
		wreg, status,2, status,0, cstack
 Tracked objects:
		On entry : 
		On exit  : 
		Unchanged: 
 Data sizes:     COMRAM   BANK0   BANK1   BANK2   BANK3   BANK4   BANK5   BANK6   BANK7
      Params:         0       0       0       0       0       0       0       0       0
      Locals:         1       0       0       0       0       0       0       0       0
      Temps:          0       0       0       0       0       0       0       0       0
      Totals:         1       0       0       0       0       0       0       0       0
Total ram usage:        1 bytes
 Hardware stack levels used:    1
 Hardware stack levels required when called:    1
 This function calls:
		_spi_write
 This function is called by:
		_Nokia_PositionXY
		_Nokia_Init
 This function uses a non-reentrant model


 *************** function _Nokia_Clear *****************
 Defined at:
		line 58 in file "lib_nokia.c"
 Parameters:    Size  Location     Type
		None
 Auto vars:     Size  Location     Type
  j               1    7[COMRAM] unsigned char 
  i               1    6[COMRAM] unsigned char 
 Return value:  Size  Location     Type
                  1    wreg      void 
 Registers used:
		wreg, status,2, status,0, cstack
 Tracked objects:
		On entry : 
		On exit  : 
		Unchanged: 
 Data sizes:     COMRAM   BANK0   BANK1   BANK2   BANK3   BANK4   BANK5   BANK6   BANK7
      Params:         0       0       0       0       0       0       0       0       0
      Locals:         2       0       0       0       0       0       0       0       0
      Temps:          0       0       0       0       0       0       0       0       0
      Totals:         2       0       0       0       0       0       0       0       0
Total ram usage:        2 bytes
 Hardware stack levels used:    1
 Hardware stack levels required when called:    1
 This function calls:
		_spi_write
 This function is called by:
		_main
 This function uses a non-reentrant model


 *************** function _spi_write *****************
 Defined at:
		line 30 in file "spi_sof.c"
 Parameters:    Size  Location     Type
  data            1    wreg     unsigned char 
 Auto vars:     Size  Location     Type
  data            1    3[COMRAM] unsigned char 
  i               2    4[COMRAM] int 
 Return value:  Size  Location     Type
                  1    wreg      void 
 Registers used:
		wreg, status,2, status,0
 Tracked objects:
		On entry : 
		On exit  : 
		Unchanged: 
 Data sizes:     COMRAM   BANK0   BANK1   BANK2   BANK3   BANK4   BANK5   BANK6   BANK7
      Params:         0       0       0       0       0       0       0       0       0
      Locals:         3       0       0       0       0       0       0       0       0
      Temps:          3       0       0       0       0       0       0       0       0
      Totals:         6       0       0       0       0       0       0       0       0
Total ram usage:        6 bytes
 Hardware stack levels used:    1
 This function calls:
		Nothing
 This function is called by:
		_Nokia_SendCommand
		_Nokia_SendData
		_Nokia_Clear
 This function uses a non-reentrant model



MODULE INFORMATION

Module		Function		Class		Link	Load	Size
spi_sof.c
		_spi_init_master		CODE           	0C60	0000	11
		_spi_write     		CODE           	0AD4	0000	89

spi_sof.c estimated size: 100

nokia_5110.c
		_main          		CODE           	0A34	0000	161

nokia_5110.c estimated size: 161

lib_nokia.c
		_Nokia_PositionXY		CODE           	0C3C	0000	21
		_Nokia_Clear   		CODE           	0C16	0000	39
		_Nokia_SendString		CODE           	0BEC	0000	43
		_Nokia_Init    		CODE           	0B78	0000	67
		_Nokia_SendCommand		CODE           	0C50	0000	17
		_Nokia_SendData		CODE           	0B2C	0000	77

lib_nokia.c estimated size: 264

shared
		__initialization		CODE           	0BBA	0000	37

shared estimated size: 37

